1787147882466	
1787147882467	> angebotsradar-live-importer@4.1.0 import
1787147882469	> node import.js
1787147882470	
1787147882942	Importiere REWE Feldkirchen ...
1787147889290	REWE: no_data, 0 (6346 ms)
1787147889292	Importiere EDEKA Berghammer Feldkirchen ...
1787147895518	EDEKA: no_data, 0 (6229 ms)
1787147895520	Importiere PENNY Region Feldkirchen ...
1787147903491	PENNY: ok, 140 (7972 ms)
1787147903493	Importiere HIT Parsdorf ...
1787147912111	HIT: ok, 3 (8618 ms)
1787147912113	Importiere ALDI SÜD Region Feldkirchen ...
1787147919846	ALDI SÜD: ok, 67 (7733 ms)
1787147919848	Importiere Lidl Region Feldkirchen ...
1787147927267	Lidl: ok, 1 (7418 ms)
1787147927270	Importiere Netto Trudering ...
1787147933490	Netto: no_data, 0 (6227 ms)
1787147933492	Importiere NORMA Region Feldkirchen ...
1787147941174	NORMA: ok, 1 (7684 ms)
1787147941176	Importiere Kaufland München-Berg am Laim ...
1787147947781	Kaufland: ok, 9 (6605 ms)
1787147947782	Importiere METRO München-Freimann ...
1787147953867	METRO: no_data, 0 (6087 ms)
1787147953868	Importiere dm Region Feldkirchen ...
1787147960944	dm: ok, 86 (7073 ms)
1787147960948	Importiere ROSSMANN Region Feldkirchen ...
1787147967734	ROSSMANN: ok, 45 (6794 ms)
1787147967777	Fertig: 352 Live-Angebote aus 8/12 Quellen.
