
=== https://www.lidl.de/c/online-prospekte/s10005610 HTTP=200 chars=91310 ===
--- Prospektzeilen ---
Title: Unsere Aktionsprospekte jetzt online- Lidl.de
URL Source: https://www.lidl.de/c/online-prospekte/s10005610
5.   [](https://www.lidl.de/c/online-prospekte/s10005610)
8.   [](https://www.lidl.de/c/online-prospekte/s10005610)
Main Navigation[Zurück](https://www.lidl.de/c/online-prospekte/s10005610#)
12.   [Aktuelles Prospekte,Unsere Testergebnisse,Gewinnspiele,#LäuftBeiLidl,Filiale bewerten,Awards,E-Ladesäulen](https://www.lidl.de/c/online-prospekte/s10005610)
1.   [Aktuelles](https://www.lidl.de/c/online-prospekte/s10005610)
2.   [Prospekte](https://www.lidl.de/c/online-prospekte/s10005610)
2.   /[Filial-Angebote](https://www.lidl.de/c/online-prospekte/s10005610)
# Angebote & Prospekte
Unsere Aktionsprospekte
[![Image 3](https://imgproxy.leaflets.schwarz/6ONhHyvr7c3CM9B5XnSWjDZzicalOgSjZXitpbf3cRY/rs:fit:400:400:1/g:no/czM6Ly9sZWFmbGV0cy9pbWFnZXMvMDE5ZmYwOGMtZTJkOC03Njc3LTk5NWYtZTgyNDY1OTQ4MWQ5L3BhZ2UtMDFfMzk4NjliZmI1YjVhZGU1YTQ4YmMzOTQ0NTlkZTZiYzYucG5n.jpg) Aktionsprospekt 17.08.2026 – 22.08.2026](https://www.lidl.de/l/prospekte/aktionsprospekt-17-08-2026-22-08-2026-799968/ar/0?_ab=1&lf=HHZ)[![Image 4](https://imgproxy.leaflets.schwarz/OGl5wDzn8mQgysAj-qd1Aj7veH7QHhV0nb9OPgY3zu4/rs:fit:400:400:1/g:no/czM6Ly9sZWFmbGV0cy9pbWFnZXMvMDFhMDAwNTAtNGU2Yy03MzI1LTg5ZTQtZmVlNzY3NjE3MjE5L3BhZ2UtMDFfZmM5NTlhOWNmYTgzMzFmY2UyMzRhNzk3MWI4Mjc2ZTcucG5n.jpg) Aktionsprospekt 24.08.2026 – 29.08.2026](https://www.lidl.de/l/prospekte/aktionsprospekt-24-08-2026-29-08-2026-75dd1a/ar/0?_ab=1&lf=HHZ)[![Image 5](https://imgproxy.leaflets.schwarz/SLzhHXNSqDU-RCMiw9oG4s53LVs0T2MUQmR-Nvz1ntQ/rs:fit:400:400:1/g:no/czM6Ly9sZWFmbGV0cy9pbWFnZXMvMDFhMDAwOWUtNGQ0NC03ZjgwLWFjYzYtOTM3ZjA1ZmE4OGZlL3BhZ2UtMDFfNTVjYWFmMzlmZDMzMjgyNjU5MThlMjA0MDU2ZDFkMzIucG5n.jpg) Aktionsprospekt 31.08.2026 – 05.09.2026](https://www.lidl.de/l/prospekte/aktionsprospekt-31-08-2026-05-09-2026-c665d6/ar/0?_ab=1&lf=HHZ)
Aktuelle Sonderprospekte
[![Image 6](https://imgproxy.leaflets.schwarz/v3qv4FssnawOP1KaLTtXFI2_rRScMK_mpQ7QFLlw-jo/rs:fit:400:400:1/g:no/czM6Ly9sZWFmbGV0cy9pbWFnZXMvMDE5YWZlNDQtMjBlZi03ZWQyLTlmYTMtYjVmNDk5ZTI0MmYwL3BhZ2UtMDFfZmQxNjZkMjRmYTIyYzc2NTUxZDk0ZDc4YmUyZWQ5ODgucG5n.jpg) Der Preisführer macht Deutschland dauerhaft günstiger!](https://www.lidl.de/l/prospekte/der-preisfuehrer-macht-deutschland-dauerhaft-guenstiger/ar/0)[![Image 7](https://imgproxy.leaflets.schwarz/pF1uwdaZaXHhJtCd3OvmuwCbC6Zrd6YfuQoQ2EOEDOo/rs:fit:400:400:1/g:no/czM6Ly9sZWFmbGV0cy9pbWFnZXMvMDE5ZjZhODgtYzk3Yy03ZjIwLThjMjgtNWRhYTVlZGY1MmZkL3BhZ2UtMDFfYmVhODMxZTU1MDc2Mjc3NjExMGY3YjdhOTc4ZTE3MjEucG5n.jpg) PAW Patrol Rezeptemagazin Starte deine Kochmission](https://www.lidl.de/l/prospekte/paw-patrol-rezeptemagazin-starte-deine-kochmission/ar/0)
[![Image 8](https://imgproxy.leaflets.schwarz/DGftBtnMQrfETKkDyxNFSUf3vejR_vE1w78CwiOtU7w/rs:fit:400:400:1/g:no/czM6Ly9sZWFmbGV0cy9pbWFnZXMvMDE5ZmEzM2MtYTAzZi03MGY2LWI5MTctNmMwODdkYTY5MDk1L3BhZ2UtMDFfMjI2MWNhOWVhYzQ1ZjM1ZDIzYzkwZmQyZmEzNTY4MDgucG5n.jpg) Unsere Monats-Highlights 01.08.2026 – 31.08.2026](https://www.lidl.de/l/prospekte/unsere-monats-highlights-01-08-2026-31-08-2026-11b176/ar/0?lf=WHF)
Aktuelle Reiseprospekte
[![Image 9](https://imgproxy.leaflets.schwarz/gApDPpOLNgaSdlXWQoy4VauTOoQ1bHvdokqKbeq3CBw/rs:fit:400:400:1/g:no/czM6Ly9sZWFmbGV0cy9pbWFnZXMvMDE5ZmE3NmItNGI4My03OTcwLWE5NTMtMTgxNGExMmYwZGFiL3BhZ2UtMDFfYzI1YmMzNzg3MjAxNTIyMjA5YjZhMjQxZDc4ZDEzNmMucG5n.jpg) August Reise-Highlights 29.07.2026 - 31.08.2026](https://www.lidl.de/l/prospekte/august-reise-highlights-29-07-2026-31-08-2026/ar/0?lf=RHF)[![Image 10](https://imgproxy.leaflets.schwarz/SQC4LsE4G1QsFkuiXRmHnLctss-VjNGc-Og9fKv2KJ4/rs:fit:400:400:1/g:no/czM6Ly9sZWFmbGV0cy9pbWFnZXMvMDE5ZmFkMmQtMDBkZC03MmYwLWE5ZDQtMjIyYmZiYmM0OTI4L3BhZ2UtMDFfMjBiMjc0MzNhMmEzOTc1ODI5YWY4ODY4NWI4NDJhZmYucG5n.jpg) Prospekt Urlaub mit Hund](https://www.lidl.de/l/prospekte/urlaubmithund-29-07-2026-31-12-2026/ar/0?lf=RHF)[![Image 11](https://imgproxy.leaflets.schwarz/I7qs5u1tDWkylIK8iegXQjdWmmUrlCuzkziD3eJYytc/rs:fit:400:400:1/g:no/czM6Ly9sZWFmbGV0cy9pbWFnZXMvMDE5ZmVhZDItZmJlOS03NTlkLWJjYjAtMDIxNWZhODliMjAzL3BhZ2UtMDFfNDVhODI2NzEyYWRhMGFjYzFkMzA3Zjg0YTcwYWRjN2IucG5n.jpg) August/September Reise-Highlights 12.08.2026 - 15.09.2026](https://www.lidl.de/l/prospekte/august-september-reise-highlights-12-8-2026-15-9-2026/ar/0?lf=RHF)
[![Image 12](https://imgproxy.leaflets.schwarz/bqAhype5v_MPaOkV7Em8Lbi1whgZxQlqoJNBV8S2_NY/rs:fit:400:400:1/g:no/czM6Ly9sZWFmbGV0cy9pbWFnZXMvYWI1ZWY4MDctZGZjMS0xMWVlLWI1YzItZmExNjNmZWY1YTFiL3BhZ2UtMDFfY2VmNmZlODY1ZjQwZDRiYjBmY2Q0MDMwNjlhNDJlODkucG5n.jpg) Lidl Connect Tarifübersicht](https://www.lidl.de/l/prospekte/lidl-connect-tarifflyer/ar/0?lf=CHF)
## Prospekte von LIDL – immer perfekt informiert, immer günstig einkaufen
Rabattaktionen und Wochenangebote senken deine Ausgaben. Fallende Preise ermöglichen dir viele Extras und Schnäppchen. Pünktlich zu Saisonbeginn oder zu den Festtagen findest du bei LIDL immer die passenden Angebote. Einkaufen bei LIDL macht noch mehr Spaß, wenn du rechtzeitig alle Informationen bekommst, denn so kannst du deine Einkäufe perfekt planen bist für Ostern, die Gartensaison, Weihnachten und Co immer rechtzeitig vorbereitet. Dafür sorgen wir mit unseren regelmäßig erscheinenden Prospekten und dem Newsletter!
In deiner LIDL-Filiale um die Ecke fühlst du dich fast wie zu Hause. Hier triffst du Freunde und Bekannte aus der Nachbarschaft und weißt genau, wo alles liegt. Der Einkauf geht dir schnell von der Hand. Obst und Gemüse, Brot und Butter, Sonntagsbraten und Wein wandern in den Einkaufskorb. Gut informiert über Aktionen bist du durch unsere Prospekte: Billiger Montag, Billiger Donnerstag und Billiger Wochenendlich helfen dir mit tollen Produktangeboten und purzelnden Preisen. Frisches Obst und Gemüse gibt es von Montag bis Samstag.
Damit du noch besser planen kannst, helfen wir dir mit vielen Informationen: Du bekommst unsere Prospekte rechtzeitig vorab und kannst sie online oder in der App anschauen. Willst du noch mehr spannende Angebote, schau dich online in unserem Sortiment um und finde auch hier Hammerpreise bei tollen Aktionen!
## Aktions-, Reise- & Themenprospekte, Onlineshop-Highlights, Beste Weine und Partner-Angebote
## Mit LIDL-Prospekten Preisvorteile nutzen
Dein Budget für Haushaltsausgaben kannst du mit den Angeboten von LIDL perfekt planen. Es gibt wiederkehrende feste Aktionszeiträume, die du für deinen Wocheneinkauf nutzen kannst. Wähle zwischen Billiger Montag, Billiger Donnerstag oder den Aktionen Billiger Wochenendlich ab Freitag. Die Prospekte verraten dir, welche Artikel preisgesenkt werden und welche tollen Angebote es gibt.
Schnell sein lohnt sich bei LIDL! Solange der Vorrat reicht, bist du dabei. Doch keine Angst, die nächste Aktion steht schon in den Startlöchern. Rechtzeitig informiert bist du mit den Prospekten von LIDL und dem Newsletter.
60**-30% auf PARKSIDE PERFORMANCE:** Der 30%-Rabatt-Coupon gilt für einen Einkauf im Onlineshop und nur für Lidl Plus Nutzer bei einer Bestellung unter [https://www.lidl.de/c/30-auf-parkside-performance/s10080471](https://www.lidl.de/c/30-auf-parkside-performance/s10080471) vom 16.08.2026 bis 22.08.2026. Mit dem Coupon gibt es 30 % Rabatt auf den Einkaufswert der jeweiligen Artikel im Warenkorb. Der Coupon wird nach vorheriger Aktivierung automatisch im Bestellprozess, sofern mit dem Lidl Plus Konto im Onlineshop angemeldet, abgezogen. Aktivierung in der Lidl Plus App oder im Benutzerkonto im Onlineshop ist erforderlich. Coupon gilt nicht für Lidl Fotos, Lidl Reisen, Lidl Connect, Bücher & Medien. Der Coupon ist nicht auf Versandkosten oder einen Lieferzuschlag anrechenbar. Keine Barauszahlung. Für bereits getätigte Einkäufe ist das Angebot nicht gültig. Sämtliche Aktionsartikel können aufgrund begrenzter Vorratsmenge bereits im Laufe des ersten Angebotstages ausverkauft sein. Im Falle einer Rückabwicklung von Artikel wird der jeweilige durch den Coupon reduzierte Artikelkaufpreis erstattet. Angebote auf [lidl.de](https://lidl.de/) richten sich ausschließlich an Endkunden mit Lieferanschrift in Deutschland. Onlineshop-Angebote: Der Kaufvertrag kommt auf [lidl.de](https://lidl.de/) mit der Lidl Digital Deutschland GmbH & Co. KG, Bonfelder Straße 2, 74206 Bad Wimpfen zustande. Es gelten die Couponbedingungen in der Lidl Plus App.
[Kontakt![Image 14](https://www.lidl.de/n/footer/icons/arrow-bottom.svg)](https://www.lidl.de/c/online-prospekte/s10005610)
[Informationen![Image 15](https://www.lidl.de/n/footer/icons/arrow-bottom.svg)](https://www.lidl.de/c/online-prospekte/s10005610)
[Lidl Connect![Image 16](https://www.lidl.de/n/footer/icons/arrow-bottom.svg)](https://www.lidl.de/c/online-prospekte/s10005610)
Wähle deine Filiale aus, um unsere speziellen Angebote und Prospekte für deine Region zu entdecken.
--- Links ---
Zurück => https://www.lidl.de/c/online-prospekte/s10005610#
Aktuelles Prospekte,Unsere Testergebnisse,Gewinnspiele,#LäuftBeiLidl,Filiale bewerten,Awards,E-Ladesäulen => https://www.lidl.de/c/online-prospekte/s10005610
Aktuelles => https://www.lidl.de/c/online-prospekte/s10005610
Prospekte => https://www.lidl.de/c/online-prospekte/s10005610
Filial-Angebote => https://www.lidl.de/c/online-prospekte/s10005610
![Image 3 => https://imgproxy.leaflets.schwarz/6ONhHyvr7c3CM9B5XnSWjDZzicalOgSjZXitpbf3cRY/rs:fit:400:400:1/g:no/czM6Ly9sZWFmbGV0cy9pbWFnZXMvMDE5ZmYwOGMtZTJkOC03Njc3LTk5NWYtZTgyNDY1OTQ4MWQ5L3BhZ2UtMDFfMzk4NjliZmI1YjVhZGU1YTQ4YmMzOTQ0NTlkZTZiYzYucG5n.jpg
![Image 4 => https://imgproxy.leaflets.schwarz/OGl5wDzn8mQgysAj-qd1Aj7veH7QHhV0nb9OPgY3zu4/rs:fit:400:400:1/g:no/czM6Ly9sZWFmbGV0cy9pbWFnZXMvMDFhMDAwNTAtNGU2Yy03MzI1LTg5ZTQtZmVlNzY3NjE3MjE5L3BhZ2UtMDFfZmM5NTlhOWNmYTgzMzFmY2UyMzRhNzk3MWI4Mjc2ZTcucG5n.jpg
![Image 5 => https://imgproxy.leaflets.schwarz/SLzhHXNSqDU-RCMiw9oG4s53LVs0T2MUQmR-Nvz1ntQ/rs:fit:400:400:1/g:no/czM6Ly9sZWFmbGV0cy9pbWFnZXMvMDFhMDAwOWUtNGQ0NC03ZjgwLWFjYzYtOTM3ZjA1ZmE4OGZlL3BhZ2UtMDFfNTVjYWFmMzlmZDMzMjgyNjU5MThlMjA0MDU2ZDFkMzIucG5n.jpg
![Image 6 => https://imgproxy.leaflets.schwarz/v3qv4FssnawOP1KaLTtXFI2_rRScMK_mpQ7QFLlw-jo/rs:fit:400:400:1/g:no/czM6Ly9sZWFmbGV0cy9pbWFnZXMvMDE5YWZlNDQtMjBlZi03ZWQyLTlmYTMtYjVmNDk5ZTI0MmYwL3BhZ2UtMDFfZmQxNjZkMjRmYTIyYzc2NTUxZDk0ZDc4YmUyZWQ5ODgucG5n.jpg
![Image 7 => https://imgproxy.leaflets.schwarz/pF1uwdaZaXHhJtCd3OvmuwCbC6Zrd6YfuQoQ2EOEDOo/rs:fit:400:400:1/g:no/czM6Ly9sZWFmbGV0cy9pbWFnZXMvMDE5ZjZhODgtYzk3Yy03ZjIwLThjMjgtNWRhYTVlZGY1MmZkL3BhZ2UtMDFfYmVhODMxZTU1MDc2Mjc3NjExMGY3YjdhOTc4ZTE3MjEucG5n.jpg
![Image 8 => https://imgproxy.leaflets.schwarz/DGftBtnMQrfETKkDyxNFSUf3vejR_vE1w78CwiOtU7w/rs:fit:400:400:1/g:no/czM6Ly9sZWFmbGV0cy9pbWFnZXMvMDE5ZmEzM2MtYTAzZi03MGY2LWI5MTctNmMwODdkYTY5MDk1L3BhZ2UtMDFfMjI2MWNhOWVhYzQ1ZjM1ZDIzYzkwZmQyZmEzNTY4MDgucG5n.jpg
![Image 9 => https://imgproxy.leaflets.schwarz/gApDPpOLNgaSdlXWQoy4VauTOoQ1bHvdokqKbeq3CBw/rs:fit:400:400:1/g:no/czM6Ly9sZWFmbGV0cy9pbWFnZXMvMDE5ZmE3NmItNGI4My03OTcwLWE5NTMtMTgxNGExMmYwZGFiL3BhZ2UtMDFfYzI1YmMzNzg3MjAxNTIyMjA5YjZhMjQxZDc4ZDEzNmMucG5n.jpg
![Image 10 => https://imgproxy.leaflets.schwarz/SQC4LsE4G1QsFkuiXRmHnLctss-VjNGc-Og9fKv2KJ4/rs:fit:400:400:1/g:no/czM6Ly9sZWFmbGV0cy9pbWFnZXMvMDE5ZmFkMmQtMDBkZC03MmYwLWE5ZDQtMjIyYmZiYmM0OTI4L3BhZ2UtMDFfMjBiMjc0MzNhMmEzOTc1ODI5YWY4ODY4NWI4NDJhZmYucG5n.jpg
![Image 11 => https://imgproxy.leaflets.schwarz/I7qs5u1tDWkylIK8iegXQjdWmmUrlCuzkziD3eJYytc/rs:fit:400:400:1/g:no/czM6Ly9sZWFmbGV0cy9pbWFnZXMvMDE5ZmVhZDItZmJlOS03NTlkLWJjYjAtMDIxNWZhODliMjAzL3BhZ2UtMDFfNDVhODI2NzEyYWRhMGFjYzFkMzA3Zjg0YTcwYWRjN2IucG5n.jpg
![Image 12 => https://imgproxy.leaflets.schwarz/bqAhype5v_MPaOkV7Em8Lbi1whgZxQlqoJNBV8S2_NY/rs:fit:400:400:1/g:no/czM6Ly9sZWFmbGV0cy9pbWFnZXMvYWI1ZWY4MDctZGZjMS0xMWVlLWI1YzItZmExNjNmZWY1YTFiL3BhZ2UtMDFfY2VmNmZlODY1ZjQwZDRiYjBmY2Q0MDMwNjlhNDJlODkucG5n.jpg

=== https://www.lidl.de/c/online-prospekte HTTP=200 chars=70455 ===
--- Prospektzeilen ---
URL Source: https://www.lidl.de/c/online-prospekte
4.   [](https://www.lidl.de/c/online-prospekte/s10005610)
7.   [](https://www.lidl.de/c/online-prospekte)
Main Navigation[Zurück](https://www.lidl.de/c/online-prospekte#)
12.   [Aktuelles Prospekte,Unsere Testergebnisse,Gewinnspiele,#LäuftBeiLidl,Filiale bewerten,Awards,E-Ladesäulen](https://www.lidl.de/c/online-prospekte/s10005610)
1.   [Aktuelles](https://www.lidl.de/c/online-prospekte/s10005610)
2.   [Prospekte](https://www.lidl.de/c/online-prospekte/s10005610)
Diese Woche
Nächste Woche
*   [Ab Mo. 17.8. ![Image 40: Frischer Zuckermais 2 Stück für 1.39*. Ursprung: Niederlande/Spanien. ](https://www.lidl.de/static/assets/HeroStageGrafik_Content_Teaser_v100_3_XS_MD_LG-2395221.jpg) Saison Highlight der Woche](https://www.lidl.de/l/prospekte/latest-leaflet-f5771509-f19a-11e9-b196-005056ab0fb6/view/flyer/page/3)
*   [Ab Do. 20.8. ![Image 43](https://www.lidl.de/static/assets/2634_Food_ContentLinks_TabNavi_1_1_Food-2389882.jpg) Kulinarische Asienreise](https://www.lidl.de/l/prospekte/latest-leaflet-f5771509-f19a-11e9-b196-005056ab0fb6/view/flyer/page/56)
*   [Ab Do. 20.8. ![Image 44: Tiefpreis Garantie – MCCAIN Golden Longs, Tiefgefroren, je 1 kg -50% für 2.44 €*.](https://www.lidl.de/static/assets/2634_Food_ContentLinks_TabNavi_2_3_PV-2393183.jpg) Bis zu -50% beim Preisführer sparen](https://www.lidl.de/l/prospekte/latest-leaflet-f5771509-f19a-11e9-b196-005056ab0fb6/view/flyer/page/64)
## Unsere Aktionsprospekte
*   [](https://www.lidl.de/c/online-prospekte)
*   [](https://www.lidl.de/c/online-prospekte)
*   [](https://www.lidl.de/c/online-prospekte)
*   [](https://www.lidl.de/c/online-prospekte)
*   [](https://www.lidl.de/c/online-prospekte)
*   [](https://www.lidl.de/c/online-prospekte)
Großer Wochenendeinkauf, Vorbereitungen für die nächste Party oder schnell mal nebenbei einen Snack holen? Deine Lidl-Filiale um die Ecke hat alles, was du brauchst. Neben Waren des täglichen Bedarfs findest du hier viele Angebote zum günstigen Preis. Damit du planen kannst, informieren wir dich regelmäßig mit unseren [Prospekten](https://www.lidl.de/c/online-prospekte/s10005610) über das Angebot bei dir vor Ort. Schnell sein lohnt sich bei Lidl. Mit unseren Aktionen kannst du richtig sparen!
Wo kannst du günstig einkaufen? Wo gibt es tolle Angebote und Aktionen? Natürlich in deinem Lidl um die Ecke. [Filialen](https://www.lidl.de/s/de-DE/filialen/) findest du überall und unsere Prospekte erhältst du sogar per App. Selbst im Urlaub bekommst du dein gewohntes Lidl-Sortiment und sparst mit günstigen Preisen!
[Kontakt![Image 167](https://www.lidl.de/n/footer/icons/arrow-bottom.svg)](https://www.lidl.de/c/online-prospekte)
[Informationen![Image 168](https://www.lidl.de/n/footer/icons/arrow-bottom.svg)](https://www.lidl.de/c/online-prospekte)
[Lidl Connect![Image 169](https://www.lidl.de/n/footer/icons/arrow-bottom.svg)](https://www.lidl.de/c/online-prospekte)
--- Links ---
Deine Angebote & Coupons ansehen => https://www.lidl.de/user-api/login?step=login&redirect=/
Zurück => https://www.lidl.de/c/online-prospekte#
Aktuelles Prospekte,Unsere Testergebnisse,Gewinnspiele,#LäuftBeiLidl,Filiale bewerten,Awards,E-Ladesäulen => https://www.lidl.de/c/online-prospekte/s10005610
Aktuelles => https://www.lidl.de/c/online-prospekte/s10005610
Prospekte => https://www.lidl.de/c/online-prospekte/s10005610
-25% auf Abrachan Whisky Edle Angebote mit Lidl Plus => https://www.lidl.de/q/search?q=abrachan
Bis zu 40% sparen Jetzt Angebote sichern => https://www.lidl.de/c/august-sale/s10098705
Heiße Angebote Jetzt entdecken => https://www.lidl.de/c/wein-und-spirituosen-highlights/s10091183
Jetzt Last Minute buchen¹ => https://www.lidl-reisen.de/tui-angebote?utm_source=fullwidth&utm_medium=lidldomain&utm_campaign=tui
Prospekten => https://www.lidl.de/c/online-prospekte/s10005610
Lidl Black Friday Angeboten => https://www.lidl.de/c/black-week/s10080642

=== https://www.lidl.de/c/indexangebote HTTP=200 chars=64864 ===
--- Prospektzeilen ---
4.   [](https://www.lidl.de/c/online-prospekte/s10005610)
12.   [Aktuelles Prospekte,Unsere Testergebnisse,Gewinnspiele,#LäuftBeiLidl,Filiale bewerten,Awards,E-Ladesäulen](https://www.lidl.de/c/online-prospekte/s10005610)
1.   [Aktuelles](https://www.lidl.de/c/online-prospekte/s10005610)
2.   [Prospekte](https://www.lidl.de/c/online-prospekte/s10005610)
Diese Woche
Nächste Woche
*   [Ab Mo. 17.8. ![Image 30: Frischer Zuckermais 2 Stück für 1.39*. Ursprung: Niederlande/Spanien. ](https://www.lidl.de/static/assets/HeroStageGrafik_Content_Teaser_v100_3_XS_MD_LG-2395221.jpg) Saison Highlight der Woche](https://www.lidl.de/l/prospekte/latest-leaflet-f5771509-f19a-11e9-b196-005056ab0fb6/view/flyer/page/3)
*   [Ab Do. 20.8. ![Image 33](https://www.lidl.de/static/assets/2634_Food_ContentLinks_TabNavi_1_1_Food-2389882.jpg) Kulinarische Asienreise](https://www.lidl.de/l/prospekte/latest-leaflet-f5771509-f19a-11e9-b196-005056ab0fb6/view/flyer/page/56)
*   [Ab Do. 20.8. ![Image 34: Tiefpreis Garantie – MCCAIN Golden Longs, Tiefgefroren, je 1 kg -50% für 2.44 €*.](https://www.lidl.de/static/assets/2634_Food_ContentLinks_TabNavi_2_3_PV-2393183.jpg) Bis zu -50% beim Preisführer sparen](https://www.lidl.de/l/prospekte/latest-leaflet-f5771509-f19a-11e9-b196-005056ab0fb6/view/flyer/page/64)
## Unsere Aktionsprospekte
Großer Wochenendeinkauf, Vorbereitungen für die nächste Party oder schnell mal nebenbei einen Snack holen? Deine Lidl-Filiale um die Ecke hat alles, was du brauchst. Neben Waren des täglichen Bedarfs findest du hier viele Angebote zum günstigen Preis. Damit du planen kannst, informieren wir dich regelmäßig mit unseren [Prospekten](https://www.lidl.de/c/online-prospekte/s10005610) über das Angebot bei dir vor Ort. Schnell sein lohnt sich bei Lidl. Mit unseren Aktionen kannst du richtig sparen!
Wo kannst du günstig einkaufen? Wo gibt es tolle Angebote und Aktionen? Natürlich in deinem Lidl um die Ecke. [Filialen](https://www.lidl.de/s/de-DE/filialen/) findest du überall und unsere Prospekte erhältst du sogar per App. Selbst im Urlaub bekommst du dein gewohntes Lidl-Sortiment und sparst mit günstigen Preisen!
--- Links ---
Deine Angebote & Coupons ansehen => https://www.lidl.de/user-api/login?step=login&redirect=/
Zurück => https://www.lidl.de/c/indexangebote#
Aktuelles Prospekte,Unsere Testergebnisse,Gewinnspiele,#LäuftBeiLidl,Filiale bewerten,Awards,E-Ladesäulen => https://www.lidl.de/c/online-prospekte/s10005610
Aktuelles => https://www.lidl.de/c/online-prospekte/s10005610
Prospekte => https://www.lidl.de/c/online-prospekte/s10005610
-25% auf Abrachan Whisky Edle Angebote mit Lidl Plus => https://www.lidl.de/q/search?q=abrachan
Bis zu 40% sparen Jetzt Angebote sichern => https://www.lidl.de/c/august-sale/s10098705
Heiße Angebote Jetzt entdecken => https://www.lidl.de/c/wein-und-spirituosen-highlights/s10091183
Jetzt Last Minute buchen¹ => https://www.lidl-reisen.de/tui-angebote?utm_source=fullwidth&utm_medium=lidldomain&utm_campaign=tui
Prospekten => https://www.lidl.de/c/online-prospekte/s10005610
Lidl Black Friday Angeboten => https://www.lidl.de/c/black-week/s10080642
