Trudering: chars=117786 sections=6 valid=2
2.49 | Pfanni Speisekartoffeln_ 2,5 kg Netz
11.99 | Coca-Cola Kombikiste_ 12 x 1 l
2.49 | Pfanni Speisekartoffeln_ 2,5 kg Netz
11.99 | Coca-Cola Kombikiste_ 12 x 1 l
2.49 | Pfanni Speisekartoffeln_ 2,5 kg Netz
11.99 | Coca-Cola Kombikiste_ 12 x 1 l
Mitterfeld: chars=119515 sections=14 valid=13
2.49 | Pfanni Speisekartoffeln_ 2,5 kg Netz
11.99 | Coca-Cola Kombikiste_ 12 x 1 l
1.19 | Rauch Eistee_ 1,5 l
0.69 | Paulaner Spezi, Cola oder Limonaden_ 0,33 l
1.49 | Zwetschgen_ 1 kg
1.39 | Blumenkohl_ Stück
2.29 | Mini Frühlingsrollen oder Frühlingsrollen_ 400 g
0.99 | Guave Passionfrucht Croissant_ Stück
0.69 | Franzbrötchen_ Stück
0.99 | Blätterteigstange Karamellkeks-Füllung_ Stück
1.79 | Weltmeisterbrot_ 750 g
1.49 | Gouda Reibekäse_ 250 g
7.99 | Coca-Cola oder Fanta_ 18 x 0,33 l
3.50 | Moosrosen_ 2 Bunde
Wasserburger Landstraße: chars=118718 sections=6 valid=2
2.49 | Pfanni Speisekartoffeln_ 2,5 kg Netz
11.99 | Coca-Cola Kombikiste_ 12 x 1 l
2.49 | Pfanni Speisekartoffeln_ 2,5 kg Netz
11.99 | Coca-Cola Kombikiste_ 12 x 1 l
2.49 | Pfanni Speisekartoffeln_ 2,5 kg Netz
11.99 | Coca-Cola Kombikiste_ 12 x 1 l
