{
  "status": "passed",
  "results": [
    {
      "label": "Desktop",
      "viewport": {
        "width": 1440,
        "height": 900
      },
      "initialCards": 80,
      "milkCards": 27,
      "filteredStatus": "27 Produkte · 153 Angebote · 1210 reguläre Produkte",
      "overflow": 0,
      "pageErrors": []
    },
    {
      "label": "iPhone",
      "viewport": {
        "width": 390,
        "height": 844
      },
      "initialCards": 40,
      "milkCards": 27,
      "filteredStatus": "27 Produkte · 153 Angebote · 1210 reguläre Produkte",
      "overflow": 0,
      "pageErrors": []
    }
  ]
}
