
> angebotsradar-live-importer@5.1.0 test
> node --test product-normalizer.test.js semantic-edge-cases.test.js semantic-live-audit.test.js safety-regression.test.js market-policy.test.js product-identity.test.js frontend-smoke.test.js staples-matcher.test.js

TAP version 13
# Subtest: UI nennt keine alte 15-km-Logik mehr
ok 1 - UI nennt keine alte 15-km-Logik mehr
  ---
  duration_ms: 1.447642
  ...
# Subtest: UI unterscheidet Produkte, Angebote und reguläre Preise
ok 2 - UI unterscheidet Produkte, Angebote und reguläre Preise
  ---
  duration_ms: 0.260307
  ...
# Subtest: Frontend verwendet die semantische Vergleichsprüfung
ok 3 - Frontend verwendet die semantische Vergleichsprüfung
  ---
  duration_ms: 0.329256
  ...
# Subtest: Preisbewertung nutzt ausschließlich konkrete Produkthistorie
ok 4 - Preisbewertung nutzt ausschließlich konkrete Produkthistorie
  ---
  duration_ms: 0.318546
  ...
# Subtest: mobile CSS bleibt vorhanden
ok 5 - mobile CSS bleibt vorhanden
  ---
  duration_ms: 0.223679
  ...
# \# Milch-Audit: 7 Datensaetze, 5 konkrete Produkte, 5 Produktnamen
# Subtest: Inline-JavaScript ist syntaktisch gültig
ok 6 - Inline-JavaScript ist syntaktisch gültig
  ---
  duration_ms: 57.781085
  ...
# Subtest: Suche zeigt konkrete Produkte statt nur einer Bundle-Karte
ok 7 - Suche zeigt konkrete Produkte statt nur einer Bundle-Karte
  ---
  duration_ms: 0.378879
  ...
# Subtest: Live-Daten enthalten mehrere konkrete Milchprodukte
ok 8 - Live-Daten enthalten mehrere konkrete Milchprodukte
  ---
  duration_ms: 2.428819
  ...
# Subtest: Startseite verlinkt Unsere Grundlebensmittel
ok 9 - Startseite verlinkt Unsere Grundlebensmittel
  ---
  duration_ms: 0.321833
  ...
# Subtest: Grundlebensmittel-Seite nutzt Live-Angebote, Prospekte und konkrete Historie
ok 10 - Grundlebensmittel-Seite nutzt Live-Angebote, Prospekte und konkrete Historie
  ---
  duration_ms: 0.412702
  ...
# Subtest: Breite Bio-Obst- und Gemüsegruppen werden bis zur Sortendefinition nicht pauschal bepreist
ok 11 - Breite Bio-Obst- und Gemüsegruppen werden bis zur Sortendefinition nicht pauschal bepreist
  ---
  duration_ms: 0.324087
  ...
# Subtest: Grundlebensmittel-Inline-JavaScript ist syntaktisch gültig
ok 12 - Grundlebensmittel-Inline-JavaScript ist syntaktisch gültig
  ---
  duration_ms: 41.24885
  ...
# Subtest: Feldkirchen ist erlaubt
ok 13 - Feldkirchen ist erlaubt
  ---
  duration_ms: 1.65507
  ...
# Subtest: Aschheim ist erlaubt
ok 14 - Aschheim ist erlaubt
  ---
  duration_ms: 0.970508
  ...
# Subtest: Heimstetten ist erlaubt
ok 15 - Heimstetten ist erlaubt
  ---
  duration_ms: 0.550751
  ...
# Subtest: Kirchheim ist erlaubt
ok 16 - Kirchheim ist erlaubt
  ---
  duration_ms: 0.581279
  ...
# Subtest: Riem Arcaden ist erlaubt
ok 17 - Riem Arcaden ist erlaubt
  ---
  duration_ms: 0.383618
  ...
# Subtest: Haar ist gesperrt
ok 18 - Haar ist gesperrt
  ---
  duration_ms: 0.430397
  ...
# Subtest: Vaterstetten ist gesperrt
ok 19 - Vaterstetten ist gesperrt
  ---
  duration_ms: 0.294221
  ...
# Subtest: Parsdorf ist gesperrt
ok 20 - Parsdorf ist gesperrt
  ---
  duration_ms: 0.285234
  ...
# Subtest: Poing ist gesperrt
ok 21 - Poing ist gesperrt
  ---
  duration_ms: 0.371746
  ...
# Subtest: Trudering ist gesperrt
ok 22 - Trudering ist gesperrt
  ---
  duration_ms: 0.467565
  ...
# Subtest: München-Freimann ist gesperrt
ok 23 - München-Freimann ist gesperrt
  ---
  duration_ms: 0.207439
  ...
# Subtest: München-Berg am Laim ist gesperrt
ok 24 - München-Berg am Laim ist gesperrt
  ---
  duration_ms: 0.19763
  ...
# Subtest: Riem außerhalb Arcaden ist gesperrt
ok 25 - Riem außerhalb Arcaden ist gesperrt
  ---
  duration_ms: 0.267742
  ...
# Subtest: Riem Arcaden ist nur an der belegten Arcaden-Adresse aktiv
ok 26 - Riem Arcaden ist nur an der belegten Arcaden-Adresse aktiv
  ---
  duration_ms: 0.293439
  ...
# Subtest: explizites isRiemArcaden darf belastbar verifizierte Datensätze zulassen
ok 27 - explizites isRiemArcaden darf belastbar verifizierte Datensätze zulassen
  ---
  duration_ms: 0.243266
  ...
# Subtest: valide EAN/GTIN wird erkannt
ok 28 - valide EAN/GTIN wird erkannt
  ---
  duration_ms: 1.774493
  ...
# Subtest: ungültige EAN wird nicht als Identität verwendet
ok 29 - ungültige EAN wird nicht als Identität verwendet
  ---
  duration_ms: 0.204103
  ...
# Subtest: identische EAN hat Vorrang und ergibt exact_match
ok 30 - identische EAN hat Vorrang und ergibt exact_match
  ---
  duration_ms: 6.431475
  ...
# Subtest: Eigenmarken derselben Milchgruppe bleiben konkrete unterschiedliche Produkte
ok 31 - Eigenmarken derselben Milchgruppe bleiben konkrete unterschiedliche Produkte
  ---
  duration_ms: 1.082338
  ...
# Subtest: gleiches Markenprodukt bei zwei Händlern erhält dieselbe konkrete Produkt-ID
ok 32 - gleiches Markenprodukt bei zwei Händlern erhält dieselbe konkrete Produkt-ID
  ---
  duration_ms: 0.742591
  ...
# Subtest: Windbeutel, Windelbeutel und Windeln erhalten verschiedene konkrete IDs
ok 33 - Windbeutel, Windelbeutel und Windeln erhalten verschiedene konkrete IDs
  ---
  duration_ms: 1.408318
  ...
# Subtest: Frische Vollmilch wird als Milch gebündelt
ok 34 - Frische Vollmilch wird als Milch gebündelt
  ---
  duration_ms: 6.617143
  ...
# Subtest: Milch und Vollmilch gehören zur selben allgemeinen Produktgruppe
ok 35 - Milch und Vollmilch gehören zur selben allgemeinen Produktgruppe
  ---
  duration_ms: 1.394251
  ...
# Subtest: Bio Vollmilch bleibt Bio und Milch
ok 36 - Bio Vollmilch bleibt Bio und Milch
  ---
  duration_ms: 0.387596
  ...
# Subtest: Windbeutel ist eine Süßspeise und weder Windel noch Windelbeutel
ok 37 - Windbeutel ist eine Süßspeise und weder Windel noch Windelbeutel
  ---
  duration_ms: 1.732916
  ...
# Subtest: Windeln und Windelbeutel werden selbst bei gleicher Einheit nie preislich verglichen
ok 38 - Windeln und Windelbeutel werden selbst bei gleicher Einheit nie preislich verglichen
  ---
  duration_ms: 0.88654
  ...
# Subtest: Windbeutel und Windeln werden selbst bei künstlich gleicher Einheit nie verglichen
ok 39 - Windbeutel und Windeln werden selbst bei künstlich gleicher Einheit nie verglichen
  ---
  duration_ms: 0.369221
  ...
# Subtest: Windel-Wortfamilie bleibt funktional getrennt
ok 40 - Windel-Wortfamilie bleibt funktional getrennt
  ---
  duration_ms: 1.507454
  ...
# Subtest: Windelgrößen sind gleiche Obergruppe, aber nicht austauschbar
ok 41 - Windelgrößen sind gleiche Obergruppe, aber nicht austauschbar
  ---
  duration_ms: 0.447628
  ...
# Subtest: Milchreis ist keine Milch
ok 42 - Milchreis ist keine Milch
  ---
  duration_ms: 0.531215
  ...
# Subtest: Milchschokolade ist keine Milch
ok 43 - Milchschokolade ist keine Milch
  ---
  duration_ms: 0.326131
  ...
# Subtest: Kokosmilch, Babymilch, Kondensmilch und Milchpulver sind keine Trinkmilch-Gruppe
ok 44 - Kokosmilch, Babymilch, Kondensmilch und Milchpulver sind keine Trinkmilch-Gruppe
  ---
  duration_ms: 0.815046
  ...
# Subtest: Butter und Deutsche Markenbutter gehören zusammen
ok 45 - Butter und Deutsche Markenbutter gehören zusammen
  ---
  duration_ms: 0.535223
  ...
# Subtest: Butterkeks, Erdnussbutter und Kakaobutter sind keine Butter
ok 46 - Butterkeks, Erdnussbutter und Kakaobutter sind keine Butter
  ---
  duration_ms: 1.602542
  ...
# Subtest: Zahnpasta und Zahncreme werden zusammengefasst
ok 47 - Zahnpasta und Zahncreme werden zusammengefasst
  ---
  duration_ms: 0.504675
  ...
# Subtest: Zahnpasta und Zahnbürste bleiben getrennt
ok 48 - Zahnpasta und Zahnbürste bleiben getrennt
  ---
  duration_ms: 0.572903
  ...
# Subtest: Spülmittel und Spülmaschinentabs bleiben getrennt
ok 49 - Spülmittel und Spülmaschinentabs bleiben getrennt
  ---
  duration_ms: 0.456996
  ...
# Subtest: Waschmittel und Weichspüler bleiben getrennt
ok 50 - Waschmittel und Weichspüler bleiben getrennt
  ---
  duration_ms: 0.378038
  ...
# Subtest: Toilettenpapier und Küchenpapier bleiben getrennt
ok 51 - Toilettenpapier und Küchenpapier bleiben getrennt
  ---
  duration_ms: 0.557474
  ...
# Subtest: Windeln sind weder Feuchttücher noch Wickelunterlagen
ok 52 - Windeln sind weder Feuchttücher noch Wickelunterlagen
  ---
  duration_ms: 0.916557
  ...
# Subtest: Apfelsaft ist kein Apfel-Angebot
ok 53 - Apfelsaft ist kein Apfel-Angebot
  ---
  duration_ms: 1.046059
  ...
# Subtest: Sicherheits-Wattestäbchen werden Baby & Kleinkind zugeordnet
ok 54 - Sicherheits-Wattestäbchen werden Baby & Kleinkind zugeordnet
  ---
  duration_ms: 0.436939
  ...
# Subtest: Rinderhack und gemischtes Hack sind gleiche Gruppe, aber nicht exakt
ok 55 - Rinderhack und gemischtes Hack sind gleiche Gruppe, aber nicht exakt
  ---
  duration_ms: 1.103546
  ...
# Subtest: Ein einzelnes Angebot vergleicht sich nicht mit sich selbst
ok 56 - Ein einzelnes Angebot vergleicht sich nicht mit sich selbst
  ---
  duration_ms: 0.392976
  ...
# Subtest: Doppelter Import desselben Angebots erzeugt keinen Vergleich
ok 57 - Doppelter Import desselben Angebots erzeugt keinen Vergleich
  ---
  duration_ms: 0.402844
  ...
# Subtest: dm und Rossmann ergeben bei wirklich austauschbarem Produkt einen Händlervergleich
ok 58 - dm und Rossmann ergeben bei wirklich austauschbarem Produkt einen Händlervergleich
  ---
  duration_ms: 1.410232
  ...
# Subtest: Preisbewertung meldet deutlich günstigeren Preis
ok 59 - Preisbewertung meldet deutlich günstigeren Preis
  ---
  duration_ms: 1.196281
  ...
# Subtest: ungültige gleiche GTIN erzeugt niemals ein exact_match
ok 60 - ungültige gleiche GTIN erzeugt niemals ein exact_match
  ---
  duration_ms: 5.896213
  ...
# Subtest: valide gleiche GTIN bleibt stärkste konkrete Produktidentität
ok 61 - valide gleiche GTIN bleibt stärkste konkrete Produktidentität
  ---
  duration_ms: 0.362389
  ...
# Subtest: Preisbewertung mischt andere konkrete Produkte derselben Gruppe nicht ein
ok 62 - Preisbewertung mischt andere konkrete Produkte derselben Gruppe nicht ein
  ---
  duration_ms: 0.629298
  ...
# Subtest: mindestens 100 zusätzliche semantische Edge-Cases sind klassifiziert
ok 63 - mindestens 100 zusätzliche semantische Edge-Cases sind klassifiziert
  ---
  duration_ms: 32.671648
  ...
# Subtest: funktional verschiedene Produkte bleiben auch bei identischer künstlicher Preiseinheit unvergleichbar
ok 64 - funktional verschiedene Produkte bleiben auch bei identischer künstlicher Preiseinheit unvergleichbar
  ---
  duration_ms: 14.041848
  ...
# Subtest: bekannte zusammengesetzte Produktnamen werden im Live-Bestand semantisch korrekt erkannt
ok 65 - bekannte zusammengesetzte Produktnamen werden im Live-Bestand semantisch korrekt erkannt
  ---
  duration_ms: 8.443504
  ...
# Subtest: kein UI-Bundle mischt unterschiedliche bekannte Hauptprodukttypen
ok 66 - kein UI-Bundle mischt unterschiedliche bekannte Hauptprodukttypen
  ---
  duration_ms: 1.363313
  ...
# Subtest: unterschiedliche Varianten eines Produkttyps dürfen eine Obergruppe teilen, aber nicht blind verglichen werden
ok 67 - unterschiedliche Varianten eines Produkttyps dürfen eine Obergruppe teilen, aber nicht blind verglichen werden
  ---
  duration_ms: 0.414296
  ...
# Subtest: Windbeutel, Windelbeutel und Windeln können nie denselben Bundle-Key erhalten
ok 68 - Windbeutel, Windelbeutel und Windeln können nie denselben Bundle-Key erhalten
  ---
  duration_ms: 0.446416
  ...
# Subtest: Andechser Bio-Milch matcht nur passendes Markenprodukt in Glas/Mehrweg
ok 69 - Andechser Bio-Milch matcht nur passendes Markenprodukt in Glas/Mehrweg
  ---
  duration_ms: 3.654324
  ...
# Subtest: Andechser Butter verwechselt Butter nicht mit Butterkeks
ok 70 - Andechser Butter verwechselt Butter nicht mit Butterkeks
  ---
  duration_ms: 0.361687
  ...
# Subtest: Adelholzener Mineralwasser schließt Schorle aus
ok 71 - Adelholzener Mineralwasser schließt Schorle aus
  ---
  duration_ms: 0.322945
  ...
# Subtest: Alkoholfreies Bier verlangt alkoholfrei/0,0 und Bierbezug
ok 72 - Alkoholfreies Bier verlangt alkoholfrei/0,0 und Bierbezug
  ---
  duration_ms: 0.478937
  ...
# Subtest: Halloumi ist nicht automatisch jeder Grillkäse
ok 73 - Halloumi ist nicht automatisch jeder Grillkäse
  ---
  duration_ms: 0.377256
  ...
# Subtest: Bio-Obst und Bio-Gemüse werden bis zur Sortendefinition nicht pauschal verglichen
ok 74 - Bio-Obst und Bio-Gemüse werden bis zur Sortendefinition nicht pauschal verglichen
  ---
  duration_ms: 0.222145
  ...
# Subtest: Reis schließt Milchreis und Reiswaffeln aus
ok 75 - Reis schließt Milchreis und Reiswaffeln aus
  ---
  duration_ms: 0.397043
  ...
# Subtest: Live-Regressionsfall: RAMA Brotaufstrich ist kein Brot
ok 76 - Live-Regressionsfall: RAMA Brotaufstrich ist kein Brot
  ---
  duration_ms: 0.321802
  ...
# Subtest: Live-Regressionsfall: Hunde-Reis-Sticks sind kein Reis-Grundlebensmittel
ok 77 - Live-Regressionsfall: Hunde-Reis-Sticks sind kein Reis-Grundlebensmittel
  ---
  duration_ms: 0.405369
  ...
# Subtest: Gruppenvergleich nutzt bei mehreren Produkten den Grundpreis
ok 78 - Gruppenvergleich nutzt bei mehreren Produkten den Grundpreis
  ---
  duration_ms: 1.806333
  ...
# Subtest: Bei nur einem Händler wird kein zweiter Händler erfunden
ok 79 - Bei nur einem Händler wird kein zweiter Händler erfunden
  ---
  duration_ms: 0.56562
  ...
# Subtest: Bio-Priorität gewinnt gegen billigere konventionelle Ware
ok 80 - Bio-Priorität gewinnt gegen billigere konventionelle Ware
  ---
  duration_ms: 0.472154
  ...
# Subtest: Noch zu definierende Produkte werden nicht ausgewertet
ok 81 - Noch zu definierende Produkte werden nicht ausgewertet
  ---
  duration_ms: 0.335578
  ...
1..81
# tests 81
# suites 0
# pass 81
# fail 0
# cancelled 0
# skipped 0
# todo 0
# duration_ms 450.716848
